<?xml version="1.0" encoding="ISO-8859-1" ?>
<link_info>
   <banner>MSP430 Linker Unix v20.2.1.LTS</banner>
   <copyright>Copyright (c) 2003-2018 Texas Instruments Incorporated</copyright>
   <link_time>0x5f348512</link_time>
   <link_errors>0x0</link_errors>
   <output_file>CCS_e-cribbage.out</output_file>
   <entry_point>
      <name>_c_int00_noargs</name>
      <address>0xfdb8</address>
   </entry_point>
   <input_file_list>
      <input_file id="fl-1">
         <path>./</path>
         <kind>object</kind>
         <file>main.obj</file>
         <name>main.obj</name>
      </input_file>
      <input_file id="fl-6">
         <kind>object</kind>
         <file>&lt;internal&gt;</file>
         <name>&lt;internal&gt;</name>
      </input_file>
      <input_file id="fl-1c">
         <path>/home/travis/ti/ccs1010/ccs/tools/compiler/ti-cgt-msp430_20.2.1.LTS/lib/</path>
         <kind>archive</kind>
         <file>rts430_eabi.lib</file>
         <name>int03.asm.obj</name>
      </input_file>
      <input_file id="fl-1d">
         <path>/home/travis/ti/ccs1010/ccs/tools/compiler/ti-cgt-msp430_20.2.1.LTS/lib/</path>
         <kind>archive</kind>
         <file>rts430_eabi.lib</file>
         <name>int04.asm.obj</name>
      </input_file>
      <input_file id="fl-1e">
         <path>/home/travis/ti/ccs1010/ccs/tools/compiler/ti-cgt-msp430_20.2.1.LTS/lib/</path>
         <kind>archive</kind>
         <file>rts430_eabi.lib</file>
         <name>int05.asm.obj</name>
      </input_file>
      <input_file id="fl-1f">
         <path>/home/travis/ti/ccs1010/ccs/tools/compiler/ti-cgt-msp430_20.2.1.LTS/lib/</path>
         <kind>archive</kind>
         <file>rts430_eabi.lib</file>
         <name>int08.asm.obj</name>
      </input_file>
      <input_file id="fl-20">
         <path>/home/travis/ti/ccs1010/ccs/tools/compiler/ti-cgt-msp430_20.2.1.LTS/lib/</path>
         <kind>archive</kind>
         <file>rts430_eabi.lib</file>
         <name>int09.asm.obj</name>
      </input_file>
      <input_file id="fl-21">
         <path>/home/travis/ti/ccs1010/ccs/tools/compiler/ti-cgt-msp430_20.2.1.LTS/lib/</path>
         <kind>archive</kind>
         <file>rts430_eabi.lib</file>
         <name>int10.asm.obj</name>
      </input_file>
      <input_file id="fl-22">
         <path>/home/travis/ti/ccs1010/ccs/tools/compiler/ti-cgt-msp430_20.2.1.LTS/lib/</path>
         <kind>archive</kind>
         <file>rts430_eabi.lib</file>
         <name>int14.asm.obj</name>
      </input_file>
      <input_file id="fl-23">
         <path>/home/travis/ti/ccs1010/ccs/tools/compiler/ti-cgt-msp430_20.2.1.LTS/lib/</path>
         <kind>archive</kind>
         <file>rts430_eabi.lib</file>
         <name>isr_trap.asm.obj</name>
      </input_file>
      <input_file id="fl-24">
         <path>/home/travis/ti/ccs1010/ccs/tools/compiler/ti-cgt-msp430_20.2.1.LTS/lib/</path>
         <kind>archive</kind>
         <file>rts430_eabi.lib</file>
         <name>boot.c.obj</name>
      </input_file>
      <input_file id="fl-25">
         <path>/home/travis/ti/ccs1010/ccs/tools/compiler/ti-cgt-msp430_20.2.1.LTS/lib/</path>
         <kind>archive</kind>
         <file>rts430_eabi.lib</file>
         <name>autoinit.c.obj</name>
      </input_file>
      <input_file id="fl-26">
         <path>/home/travis/ti/ccs1010/ccs/tools/compiler/ti-cgt-msp430_20.2.1.LTS/lib/</path>
         <kind>archive</kind>
         <file>rts430_eabi.lib</file>
         <name>copy_zero_init.c.obj</name>
      </input_file>
      <input_file id="fl-27">
         <path>/home/travis/ti/ccs1010/ccs/tools/compiler/ti-cgt-msp430_20.2.1.LTS/lib/</path>
         <kind>archive</kind>
         <file>rts430_eabi.lib</file>
         <name>cpy_tbl.c.obj</name>
      </input_file>
      <input_file id="fl-28">
         <path>/home/travis/ti/ccs1010/ccs/tools/compiler/ti-cgt-msp430_20.2.1.LTS/lib/</path>
         <kind>archive</kind>
         <file>rts430_eabi.lib</file>
         <name>mpu_init.c.obj</name>
      </input_file>
      <input_file id="fl-29">
         <path>/home/travis/ti/ccs1010/ccs/tools/compiler/ti-cgt-msp430_20.2.1.LTS/lib/</path>
         <kind>archive</kind>
         <file>rts430_eabi.lib</file>
         <name>pre_init.c.obj</name>
      </input_file>
      <input_file id="fl-2a">
         <path>/home/travis/ti/ccs1010/ccs/tools/compiler/ti-cgt-msp430_20.2.1.LTS/lib/</path>
         <kind>archive</kind>
         <file>rts430_eabi.lib</file>
         <name>startup.c.obj</name>
      </input_file>
      <input_file id="fl-2b">
         <path>/home/travis/ti/ccs1010/ccs/tools/compiler/ti-cgt-msp430_20.2.1.LTS/lib/</path>
         <kind>archive</kind>
         <file>rts430_eabi.lib</file>
         <name>copy_decompress_none.c.obj</name>
      </input_file>
      <input_file id="fl-2c">
         <path>/home/travis/ti/ccs1010/ccs/tools/compiler/ti-cgt-msp430_20.2.1.LTS/lib/</path>
         <kind>archive</kind>
         <file>rts430_eabi.lib</file>
         <name>copy_decompress_lzss.c.obj</name>
      </input_file>
      <input_file id="fl-2d">
         <path>/home/travis/ti/ccs1010/ccs/tools/compiler/ti-cgt-msp430_20.2.1.LTS/lib/</path>
         <kind>archive</kind>
         <file>rts430_eabi.lib</file>
         <name>exit.c.obj</name>
      </input_file>
      <input_file id="fl-2e">
         <path>/home/travis/ti/ccs1010/ccs/tools/compiler/ti-cgt-msp430_20.2.1.LTS/lib/</path>
         <kind>archive</kind>
         <file>rts430_eabi.lib</file>
         <name>_lock.c.obj</name>
      </input_file>
      <input_file id="fl-2f">
         <path>/home/travis/ti/ccs1010/ccs/tools/compiler/ti-cgt-msp430_20.2.1.LTS/lib/</path>
         <kind>archive</kind>
         <file>rts430_eabi.lib</file>
         <name>args_main.c.obj</name>
      </input_file>
      <input_file id="fl-30">
         <path>/home/travis/ti/ccs1010/ccs/tools/compiler/ti-cgt-msp430_20.2.1.LTS/lib/</path>
         <kind>archive</kind>
         <file>rts430_eabi.lib</file>
         <name>memcpy.c.obj</name>
      </input_file>
      <input_file id="fl-31">
         <path>/home/travis/ti/ccs1010/ccs/tools/compiler/ti-cgt-msp430_20.2.1.LTS/lib/</path>
         <kind>archive</kind>
         <file>rts430_eabi.lib</file>
         <name>epilog.asm.obj</name>
      </input_file>
      <input_file id="fl-32">
         <path>/home/travis/ti/ccs1010/ccs/tools/compiler/ti-cgt-msp430_20.2.1.LTS/lib/</path>
         <kind>archive</kind>
         <file>rts430_eabi.lib</file>
         <name>lsl16.asm.obj</name>
      </input_file>
      <input_file id="fl-33">
         <path>/home/travis/ti/ccs1010/ccs/tools/compiler/ti-cgt-msp430_20.2.1.LTS/lib/</path>
         <kind>archive</kind>
         <file>rts430_eabi.lib</file>
         <name>lsr16.asm.obj</name>
      </input_file>
      <input_file id="fl-34">
         <path>/home/travis/ti/ccs1010/ccs/tools/compiler/ti-cgt-msp430_20.2.1.LTS/lib/</path>
         <kind>archive</kind>
         <file>rts430_eabi.lib</file>
         <name>mult16.asm.obj</name>
      </input_file>
      <input_file id="fl-35">
         <path>/home/travis/ti/ccs1010/ccs/tools/compiler/ti-cgt-msp430_20.2.1.LTS/lib/</path>
         <kind>archive</kind>
         <file>rts430_eabi.lib</file>
         <name>exit_gvars.c.obj</name>
      </input_file>
   </input_file_list>
   <object_component_list>
      <object_component id="oc-18b">
         <name>.data</name>
         <load_address>0x200</load_address>
         <run_address>0x200</run_address>
         <size>0x1f</size>
         <input_file_ref idref="fl-1"/>
      </object_component>
      <object_component id="oc-7d">
         <name>.stack</name>
         <uninitialized>true</uninitialized>
         <run_address>0x24c</run_address>
         <size>0x2</size>
         <input_file_ref idref="fl-24"/>
      </object_component>
      <object_component id="oc-25b">
         <name>.stack</name>
         <uninitialized>true</uninitialized>
         <run_address>0x24c</run_address>
         <size>0x0</size>
      </object_component>
      <object_component id="oc-13d">
         <name>.text:wait_for_input</name>
         <load_address>0xf800</load_address>
         <run_address>0xf800</run_address>
         <size>0x21e</size>
         <input_file_ref idref="fl-1"/>
      </object_component>
      <object_component id="oc-194">
         <name>.text:show_pegs</name>
         <load_address>0xfa1e</load_address>
         <run_address>0xfa1e</run_address>
         <size>0xc6</size>
         <input_file_ref idref="fl-1"/>
      </object_component>
      <object_component id="oc-1a0">
         <name>.text:show_winner_pattern</name>
         <load_address>0xfae4</load_address>
         <run_address>0xfae4</run_address>
         <size>0xb6</size>
         <input_file_ref idref="fl-1"/>
      </object_component>
      <object_component id="oc-2e">
         <name>.text:decompress:lzss:__TI_decompress_lzss</name>
         <load_address>0xfb9a</load_address>
         <run_address>0xfb9a</run_address>
         <size>0x7c</size>
         <input_file_ref idref="fl-2c"/>
      </object_component>
      <object_component id="oc-108">
         <name>.text:main</name>
         <load_address>0xfc16</load_address>
         <run_address>0xfc16</run_address>
         <size>0x64</size>
         <input_file_ref idref="fl-1"/>
      </object_component>
      <object_component id="oc-18e">
         <name>.text:restart_game</name>
         <load_address>0xfc7a</load_address>
         <run_address>0xfc7a</run_address>
         <size>0x52</size>
         <input_file_ref idref="fl-1"/>
      </object_component>
      <object_component id="oc-86">
         <name>.text</name>
         <load_address>0xfccc</load_address>
         <run_address>0xfccc</run_address>
         <size>0x4c</size>
         <input_file_ref idref="fl-33"/>
      </object_component>
      <object_component id="oc-158">
         <name>.text:__TI_auto_init_nobinit_nopinit:__TI_auto_init_nobinit_nopinit</name>
         <load_address>0xfd18</load_address>
         <run_address>0xfd18</run_address>
         <size>0x42</size>
         <input_file_ref idref="fl-25"/>
      </object_component>
      <object_component id="oc-a8">
         <name>.text:Port_1</name>
         <load_address>0xfd5a</load_address>
         <run_address>0xfd5a</run_address>
         <size>0x32</size>
         <input_file_ref idref="fl-1"/>
      </object_component>
      <object_component id="oc-81">
         <name>.text</name>
         <load_address>0xfd8c</load_address>
         <run_address>0xfd8c</run_address>
         <size>0x2c</size>
         <input_file_ref idref="fl-32"/>
      </object_component>
      <object_component id="oc-c5">
         <name>.text:_c_int00_noargs</name>
         <load_address>0xfdb8</load_address>
         <run_address>0xfdb8</run_address>
         <size>0x1c</size>
         <input_file_ref idref="fl-24"/>
      </object_component>
      <object_component id="oc-34">
         <name>.text:decompress:none:__TI_decompress_none</name>
         <load_address>0xfdd4</load_address>
         <run_address>0xfdd4</run_address>
         <size>0x12</size>
         <input_file_ref idref="fl-2b"/>
      </object_component>
      <object_component id="oc-9b">
         <name>.text:memcpy</name>
         <load_address>0xfde6</load_address>
         <run_address>0xfde6</run_address>
         <size>0x12</size>
         <input_file_ref idref="fl-30"/>
      </object_component>
      <object_component id="oc-8b">
         <name>.text</name>
         <load_address>0xfdf8</load_address>
         <run_address>0xfdf8</run_address>
         <size>0x10</size>
         <input_file_ref idref="fl-31"/>
      </object_component>
      <object_component id="oc-19a">
         <name>.text:delay</name>
         <load_address>0xfe08</load_address>
         <run_address>0xfe08</run_address>
         <size>0xc</size>
         <input_file_ref idref="fl-1"/>
      </object_component>
      <object_component id="oc-ae">
         <name>.text:_isr:__TI_ISR_TRAP</name>
         <load_address>0xfe14</load_address>
         <run_address>0xfe14</run_address>
         <size>0x8</size>
         <input_file_ref idref="fl-23"/>
      </object_component>
      <object_component id="oc-14c">
         <name>.text:abort</name>
         <load_address>0xfe1c</load_address>
         <run_address>0xfe1c</run_address>
         <size>0x6</size>
         <input_file_ref idref="fl-2d"/>
      </object_component>
      <object_component id="oc-118">
         <name>.text:_system_pre_init</name>
         <load_address>0xfe22</load_address>
         <run_address>0xfe22</run_address>
         <size>0x4</size>
         <input_file_ref idref="fl-29"/>
      </object_component>
      <object_component id="oc-1b9">
         <name>.text:_system_post_cinit</name>
         <load_address>0xfe26</load_address>
         <run_address>0xfe26</run_address>
         <size>0x2</size>
         <input_file_ref idref="fl-2a"/>
      </object_component>
      <object_component id="oc-25a">
         <name>.cinit..data.load</name>
         <load_address>0xfe28</load_address>
         <run_address>0xfe28</run_address>
         <size>0x8</size>
      </object_component>
      <object_component id="oc-258">
         <name>__TI_handler_table</name>
         <load_address>0xfe30</load_address>
         <run_address>0xfe30</run_address>
         <size>0x4</size>
      </object_component>
      <object_component id="oc-259">
         <name>__TI_cinit_table</name>
         <load_address>0xfe34</load_address>
         <run_address>0xfe34</run_address>
         <size>0x4</size>
      </object_component>
      <object_component id="oc-21b">
         <name>.binit</name>
         <load_address>0xf800</load_address>
         <run_address>0xf800</run_address>
         <size>0x0</size>
      </object_component>
      <object_component id="oc-3a">
         <name>.int02</name>
         <load_address>0xffe4</load_address>
         <run_address>0xffe4</run_address>
         <size>0x2</size>
         <input_file_ref idref="fl-1"/>
      </object_component>
      <object_component id="oc-3b">
         <name>.int03</name>
         <load_address>0xffe6</load_address>
         <run_address>0xffe6</run_address>
         <size>0x2</size>
         <input_file_ref idref="fl-1c"/>
      </object_component>
      <object_component id="oc-3c">
         <name>.int04</name>
         <load_address>0xffe8</load_address>
         <run_address>0xffe8</run_address>
         <size>0x2</size>
         <input_file_ref idref="fl-1d"/>
      </object_component>
      <object_component id="oc-3d">
         <name>.int05</name>
         <load_address>0xffea</load_address>
         <run_address>0xffea</run_address>
         <size>0x2</size>
         <input_file_ref idref="fl-1e"/>
      </object_component>
      <object_component id="oc-3e">
         <name>.int08</name>
         <load_address>0xfff0</load_address>
         <run_address>0xfff0</run_address>
         <size>0x2</size>
         <input_file_ref idref="fl-1f"/>
      </object_component>
      <object_component id="oc-3f">
         <name>.int09</name>
         <load_address>0xfff2</load_address>
         <run_address>0xfff2</run_address>
         <size>0x2</size>
         <input_file_ref idref="fl-20"/>
      </object_component>
      <object_component id="oc-40">
         <name>.int10</name>
         <load_address>0xfff4</load_address>
         <run_address>0xfff4</run_address>
         <size>0x2</size>
         <input_file_ref idref="fl-21"/>
      </object_component>
      <object_component id="oc-41">
         <name>.int14</name>
         <load_address>0xfffc</load_address>
         <run_address>0xfffc</run_address>
         <size>0x2</size>
         <input_file_ref idref="fl-22"/>
      </object_component>
      <object_component id="oc-80">
         <name>.reset</name>
         <load_address>0xfffe</load_address>
         <run_address>0xfffe</run_address>
         <size>0x2</size>
         <input_file_ref idref="fl-24"/>
      </object_component>
      <object_component id="oc-18c">
         <name>.debug_info</name>
         <load_address>0x0</load_address>
         <run_address>0x0</run_address>
         <size>0x32c</size>
         <input_file_ref idref="fl-1"/>
      </object_component>
      <object_component id="oc-19b">
         <name>.debug_info</name>
         <load_address>0x32c</load_address>
         <run_address>0x32c</run_address>
         <size>0x11e</size>
         <input_file_ref idref="fl-1"/>
      </object_component>
      <object_component id="oc-195">
         <name>.debug_info</name>
         <load_address>0x44a</load_address>
         <run_address>0x44a</run_address>
         <size>0x13f</size>
         <input_file_ref idref="fl-1"/>
      </object_component>
      <object_component id="oc-18f">
         <name>.debug_info</name>
         <load_address>0x589</load_address>
         <run_address>0x589</run_address>
         <size>0x128</size>
         <input_file_ref idref="fl-1"/>
      </object_component>
      <object_component id="oc-1a1">
         <name>.debug_info</name>
         <load_address>0x6b1</load_address>
         <run_address>0x6b1</run_address>
         <size>0x162</size>
         <input_file_ref idref="fl-1"/>
      </object_component>
      <object_component id="oc-13e">
         <name>.debug_info</name>
         <load_address>0x813</load_address>
         <run_address>0x813</run_address>
         <size>0x169</size>
         <input_file_ref idref="fl-1"/>
      </object_component>
      <object_component id="oc-109">
         <name>.debug_info</name>
         <load_address>0x97c</load_address>
         <run_address>0x97c</run_address>
         <size>0x112</size>
         <input_file_ref idref="fl-1"/>
      </object_component>
      <object_component id="oc-a9">
         <name>.debug_info</name>
         <load_address>0xa8e</load_address>
         <run_address>0xa8e</run_address>
         <size>0x10c</size>
         <input_file_ref idref="fl-1"/>
      </object_component>
      <object_component id="oc-144">
         <name>.debug_info</name>
         <load_address>0xb9a</load_address>
         <run_address>0xb9a</run_address>
         <size>0x8b</size>
         <input_file_ref idref="fl-1"/>
      </object_component>
      <object_component id="oc-af">
         <name>.debug_info</name>
         <load_address>0xc25</load_address>
         <run_address>0xc25</run_address>
         <size>0x10f</size>
         <input_file_ref idref="fl-23"/>
      </object_component>
      <object_component id="oc-7e">
         <name>.debug_info</name>
         <load_address>0xd34</load_address>
         <run_address>0xd34</run_address>
         <size>0x100</size>
         <input_file_ref idref="fl-24"/>
      </object_component>
      <object_component id="oc-c6">
         <name>.debug_info</name>
         <load_address>0xe34</load_address>
         <run_address>0xe34</run_address>
         <size>0x17a</size>
         <input_file_ref idref="fl-24"/>
      </object_component>
      <object_component id="oc-96">
         <name>.debug_info</name>
         <load_address>0xfae</load_address>
         <run_address>0xfae</run_address>
         <size>0x84</size>
         <input_file_ref idref="fl-24"/>
      </object_component>
      <object_component id="oc-1c0">
         <name>.debug_info</name>
         <load_address>0x1032</load_address>
         <run_address>0x1032</run_address>
         <size>0x3de</size>
         <input_file_ref idref="fl-25"/>
      </object_component>
      <object_component id="oc-159">
         <name>.debug_info</name>
         <load_address>0x1410</load_address>
         <run_address>0x1410</run_address>
         <size>0x1e0</size>
         <input_file_ref idref="fl-25"/>
      </object_component>
      <object_component id="oc-1f7">
         <name>.debug_info</name>
         <load_address>0x15f0</load_address>
         <run_address>0x15f0</run_address>
         <size>0x39</size>
         <input_file_ref idref="fl-25"/>
      </object_component>
      <object_component id="oc-208">
         <name>.debug_info</name>
         <load_address>0x1629</load_address>
         <run_address>0x1629</run_address>
         <size>0x2c</size>
         <input_file_ref idref="fl-25"/>
      </object_component>
      <object_component id="oc-1cb">
         <name>.debug_info</name>
         <load_address>0x1655</load_address>
         <run_address>0x1655</run_address>
         <size>0x2c</size>
         <input_file_ref idref="fl-25"/>
      </object_component>
      <object_component id="oc-1fc">
         <name>.debug_info</name>
         <load_address>0x1681</load_address>
         <run_address>0x1681</run_address>
         <size>0xcd</size>
         <input_file_ref idref="fl-25"/>
      </object_component>
      <object_component id="oc-fc">
         <name>.debug_info</name>
         <load_address>0x174e</load_address>
         <run_address>0x174e</run_address>
         <size>0x2c</size>
         <input_file_ref idref="fl-26"/>
      </object_component>
      <object_component id="oc-119">
         <name>.debug_info</name>
         <load_address>0x177a</load_address>
         <run_address>0x177a</run_address>
         <size>0x153</size>
         <input_file_ref idref="fl-29"/>
      </object_component>
      <object_component id="oc-1ba">
         <name>.debug_info</name>
         <load_address>0x18cd</load_address>
         <run_address>0x18cd</run_address>
         <size>0x150</size>
         <input_file_ref idref="fl-2a"/>
      </object_component>
      <object_component id="oc-a7">
         <name>.debug_info</name>
         <load_address>0x1a1d</load_address>
         <run_address>0x1a1d</run_address>
         <size>0x180</size>
         <input_file_ref idref="fl-2b"/>
      </object_component>
      <object_component id="oc-35">
         <name>.debug_info</name>
         <load_address>0x1b9d</load_address>
         <run_address>0x1b9d</run_address>
         <size>0x1ea</size>
         <input_file_ref idref="fl-2b"/>
      </object_component>
      <object_component id="oc-a2">
         <name>.debug_info</name>
         <load_address>0x1d87</load_address>
         <run_address>0x1d87</run_address>
         <size>0x46</size>
         <input_file_ref idref="fl-2b"/>
      </object_component>
      <object_component id="oc-101">
         <name>.debug_info</name>
         <load_address>0x1dcd</load_address>
         <run_address>0x1dcd</run_address>
         <size>0x2c</size>
         <input_file_ref idref="fl-2b"/>
      </object_component>
      <object_component id="oc-f9">
         <name>.debug_info</name>
         <load_address>0x1df9</load_address>
         <run_address>0x1df9</run_address>
         <size>0x176</size>
         <input_file_ref idref="fl-2c"/>
      </object_component>
      <object_component id="oc-2f">
         <name>.debug_info</name>
         <load_address>0x1f6f</load_address>
         <run_address>0x1f6f</run_address>
         <size>0x292</size>
         <input_file_ref idref="fl-2c"/>
      </object_component>
      <object_component id="oc-91">
         <name>.debug_info</name>
         <load_address>0x2201</load_address>
         <run_address>0x2201</run_address>
         <size>0x60</size>
         <input_file_ref idref="fl-2c"/>
      </object_component>
      <object_component id="oc-134">
         <name>.debug_info</name>
         <load_address>0x2261</load_address>
         <run_address>0x2261</run_address>
         <size>0x46</size>
         <input_file_ref idref="fl-2c"/>
      </object_component>
      <object_component id="oc-f4">
         <name>.debug_info</name>
         <load_address>0x22a7</load_address>
         <run_address>0x22a7</run_address>
         <size>0x39</size>
         <input_file_ref idref="fl-2c"/>
      </object_component>
      <object_component id="oc-14d">
         <name>.debug_info</name>
         <load_address>0x22e0</load_address>
         <run_address>0x22e0</run_address>
         <size>0x122</size>
         <input_file_ref idref="fl-2d"/>
      </object_component>
      <object_component id="oc-fb">
         <name>.debug_info</name>
         <load_address>0x2402</load_address>
         <run_address>0x2402</run_address>
         <size>0x181</size>
         <input_file_ref idref="fl-30"/>
      </object_component>
      <object_component id="oc-9c">
         <name>.debug_info</name>
         <load_address>0x2583</load_address>
         <run_address>0x2583</run_address>
         <size>0x17a</size>
         <input_file_ref idref="fl-30"/>
      </object_component>
      <object_component id="oc-8c">
         <name>.debug_info</name>
         <load_address>0x26fd</load_address>
         <run_address>0x26fd</run_address>
         <size>0x12e</size>
         <input_file_ref idref="fl-31"/>
      </object_component>
      <object_component id="oc-82">
         <name>.debug_info</name>
         <load_address>0x282b</load_address>
         <run_address>0x282b</run_address>
         <size>0x120</size>
         <input_file_ref idref="fl-32"/>
      </object_component>
      <object_component id="oc-87">
         <name>.debug_info</name>
         <load_address>0x294b</load_address>
         <run_address>0x294b</run_address>
         <size>0x120</size>
         <input_file_ref idref="fl-33"/>
      </object_component>
      <object_component id="oc-25c">
         <name>.debug_info</name>
         <load_address>0x2a6b</load_address>
         <run_address>0x2a6b</run_address>
         <size>0xa6</size>
      </object_component>
      <object_component id="oc-1db">
         <name>.debug_line</name>
         <load_address>0x0</load_address>
         <run_address>0x0</run_address>
         <size>0x2d</size>
         <input_file_ref idref="fl-1"/>
      </object_component>
      <object_component id="oc-19e">
         <name>.debug_line</name>
         <load_address>0x2d</load_address>
         <run_address>0x2d</run_address>
         <size>0x4c</size>
         <input_file_ref idref="fl-1"/>
      </object_component>
      <object_component id="oc-198">
         <name>.debug_line</name>
         <load_address>0x79</load_address>
         <run_address>0x79</run_address>
         <size>0x74</size>
         <input_file_ref idref="fl-1"/>
      </object_component>
      <object_component id="oc-192">
         <name>.debug_line</name>
         <load_address>0xed</load_address>
         <run_address>0xed</run_address>
         <size>0x66</size>
         <input_file_ref idref="fl-1"/>
      </object_component>
      <object_component id="oc-1a4">
         <name>.debug_line</name>
         <load_address>0x153</load_address>
         <run_address>0x153</run_address>
         <size>0x7d</size>
         <input_file_ref idref="fl-1"/>
      </object_component>
      <object_component id="oc-141">
         <name>.debug_line</name>
         <load_address>0x1d0</load_address>
         <run_address>0x1d0</run_address>
         <size>0x175</size>
         <input_file_ref idref="fl-1"/>
      </object_component>
      <object_component id="oc-10c">
         <name>.debug_line</name>
         <load_address>0x345</load_address>
         <run_address>0x345</run_address>
         <size>0x55</size>
         <input_file_ref idref="fl-1"/>
      </object_component>
      <object_component id="oc-ac">
         <name>.debug_line</name>
         <load_address>0x39a</load_address>
         <run_address>0x39a</run_address>
         <size>0x46</size>
         <input_file_ref idref="fl-1"/>
      </object_component>
      <object_component id="oc-147">
         <name>.debug_line</name>
         <load_address>0x3e0</load_address>
         <run_address>0x3e0</run_address>
         <size>0x20</size>
         <input_file_ref idref="fl-1"/>
      </object_component>
      <object_component id="oc-b2">
         <name>.debug_line</name>
         <load_address>0x400</load_address>
         <run_address>0x400</run_address>
         <size>0x3d</size>
         <input_file_ref idref="fl-23"/>
      </object_component>
      <object_component id="oc-f0">
         <name>.debug_line</name>
         <load_address>0x43d</load_address>
         <run_address>0x43d</run_address>
         <size>0x2a</size>
         <input_file_ref idref="fl-24"/>
      </object_component>
      <object_component id="oc-c9">
         <name>.debug_line</name>
         <load_address>0x467</load_address>
         <run_address>0x467</run_address>
         <size>0x46</size>
         <input_file_ref idref="fl-24"/>
      </object_component>
      <object_component id="oc-99">
         <name>.debug_line</name>
         <load_address>0x4ad</load_address>
         <run_address>0x4ad</run_address>
         <size>0x20</size>
         <input_file_ref idref="fl-24"/>
      </object_component>
      <object_component id="oc-1f6">
         <name>.debug_line</name>
         <load_address>0x4cd</load_address>
         <run_address>0x4cd</run_address>
         <size>0xbf</size>
         <input_file_ref idref="fl-25"/>
      </object_component>
      <object_component id="oc-15c">
         <name>.debug_line</name>
         <load_address>0x58c</load_address>
         <run_address>0x58c</run_address>
         <size>0x73</size>
         <input_file_ref idref="fl-25"/>
      </object_component>
      <object_component id="oc-1fa">
         <name>.debug_line</name>
         <load_address>0x5ff</load_address>
         <run_address>0x5ff</run_address>
         <size>0x2e</size>
         <input_file_ref idref="fl-25"/>
      </object_component>
      <object_component id="oc-20b">
         <name>.debug_line</name>
         <load_address>0x62d</load_address>
         <run_address>0x62d</run_address>
         <size>0x9a</size>
         <input_file_ref idref="fl-25"/>
      </object_component>
      <object_component id="oc-1ce">
         <name>.debug_line</name>
         <load_address>0x6c7</load_address>
         <run_address>0x6c7</run_address>
         <size>0x97</size>
         <input_file_ref idref="fl-25"/>
      </object_component>
      <object_component id="oc-1ff">
         <name>.debug_line</name>
         <load_address>0x75e</load_address>
         <run_address>0x75e</run_address>
         <size>0x93</size>
         <input_file_ref idref="fl-25"/>
      </object_component>
      <object_component id="oc-ff">
         <name>.debug_line</name>
         <load_address>0x7f1</load_address>
         <run_address>0x7f1</run_address>
         <size>0x92</size>
         <input_file_ref idref="fl-26"/>
      </object_component>
      <object_component id="oc-11c">
         <name>.debug_line</name>
         <load_address>0x883</load_address>
         <run_address>0x883</run_address>
         <size>0x3e</size>
         <input_file_ref idref="fl-29"/>
      </object_component>
      <object_component id="oc-1bd">
         <name>.debug_line</name>
         <load_address>0x8c1</load_address>
         <run_address>0x8c1</run_address>
         <size>0x3a</size>
         <input_file_ref idref="fl-2a"/>
      </object_component>
      <object_component id="oc-107">
         <name>.debug_line</name>
         <load_address>0x8fb</load_address>
         <run_address>0x8fb</run_address>
         <size>0x20</size>
         <input_file_ref idref="fl-2b"/>
      </object_component>
      <object_component id="oc-38">
         <name>.debug_line</name>
         <load_address>0x91b</load_address>
         <run_address>0x91b</run_address>
         <size>0x50</size>
         <input_file_ref idref="fl-2b"/>
      </object_component>
      <object_component id="oc-a5">
         <name>.debug_line</name>
         <load_address>0x96b</load_address>
         <run_address>0x96b</run_address>
         <size>0x3a</size>
         <input_file_ref idref="fl-2b"/>
      </object_component>
      <object_component id="oc-104">
         <name>.debug_line</name>
         <load_address>0x9a5</load_address>
         <run_address>0x9a5</run_address>
         <size>0x92</size>
         <input_file_ref idref="fl-2b"/>
      </object_component>
      <object_component id="oc-13a">
         <name>.debug_line</name>
         <load_address>0xa37</load_address>
         <run_address>0xa37</run_address>
         <size>0x20</size>
         <input_file_ref idref="fl-2c"/>
      </object_component>
      <object_component id="oc-32">
         <name>.debug_line</name>
         <load_address>0xa57</load_address>
         <run_address>0xa57</run_address>
         <size>0x92</size>
         <input_file_ref idref="fl-2c"/>
      </object_component>
      <object_component id="oc-94">
         <name>.debug_line</name>
         <load_address>0xae9</load_address>
         <run_address>0xae9</run_address>
         <size>0x3a</size>
         <input_file_ref idref="fl-2c"/>
      </object_component>
      <object_component id="oc-137">
         <name>.debug_line</name>
         <load_address>0xb23</load_address>
         <run_address>0xb23</run_address>
         <size>0x9a</size>
         <input_file_ref idref="fl-2c"/>
      </object_component>
      <object_component id="oc-f7">
         <name>.debug_line</name>
         <load_address>0xbbd</load_address>
         <run_address>0xbbd</run_address>
         <size>0x96</size>
         <input_file_ref idref="fl-2c"/>
      </object_component>
      <object_component id="oc-150">
         <name>.debug_line</name>
         <load_address>0xc53</load_address>
         <run_address>0xc53</run_address>
         <size>0x3d</size>
         <input_file_ref idref="fl-2d"/>
      </object_component>
      <object_component id="oc-13c">
         <name>.debug_line</name>
         <load_address>0xc90</load_address>
         <run_address>0xc90</run_address>
         <size>0x20</size>
         <input_file_ref idref="fl-30"/>
      </object_component>
      <object_component id="oc-9f">
         <name>.debug_line</name>
         <load_address>0xcb0</load_address>
         <run_address>0xcb0</run_address>
         <size>0x42</size>
         <input_file_ref idref="fl-30"/>
      </object_component>
      <object_component id="oc-8f">
         <name>.debug_line</name>
         <load_address>0xcf2</load_address>
         <run_address>0xcf2</run_address>
         <size>0x40</size>
         <input_file_ref idref="fl-31"/>
      </object_component>
      <object_component id="oc-85">
         <name>.debug_line</name>
         <load_address>0xd32</load_address>
         <run_address>0xd32</run_address>
         <size>0x4e</size>
         <input_file_ref idref="fl-32"/>
      </object_component>
      <object_component id="oc-8a">
         <name>.debug_line</name>
         <load_address>0xd80</load_address>
         <run_address>0xd80</run_address>
         <size>0x5e</size>
         <input_file_ref idref="fl-33"/>
      </object_component>
      <object_component id="oc-19f">
         <name>.debug_frame</name>
         <load_address>0x0</load_address>
         <run_address>0x0</run_address>
         <size>0x3c</size>
         <input_file_ref idref="fl-1"/>
      </object_component>
      <object_component id="oc-199">
         <name>.debug_frame</name>
         <load_address>0x3c</load_address>
         <run_address>0x3c</run_address>
         <size>0x40</size>
         <input_file_ref idref="fl-1"/>
      </object_component>
      <object_component id="oc-193">
         <name>.debug_frame</name>
         <load_address>0x7c</load_address>
         <run_address>0x7c</run_address>
         <size>0x3c</size>
         <input_file_ref idref="fl-1"/>
      </object_component>
      <object_component id="oc-1a5">
         <name>.debug_frame</name>
         <load_address>0xb8</load_address>
         <run_address>0xb8</run_address>
         <size>0x40</size>
         <input_file_ref idref="fl-1"/>
      </object_component>
      <object_component id="oc-142">
         <name>.debug_frame</name>
         <load_address>0xf8</load_address>
         <run_address>0xf8</run_address>
         <size>0x40</size>
         <input_file_ref idref="fl-1"/>
      </object_component>
      <object_component id="oc-10d">
         <name>.debug_frame</name>
         <load_address>0x138</load_address>
         <run_address>0x138</run_address>
         <size>0x3c</size>
         <input_file_ref idref="fl-1"/>
      </object_component>
      <object_component id="oc-ad">
         <name>.debug_frame</name>
         <load_address>0x174</load_address>
         <run_address>0x174</run_address>
         <size>0x64</size>
         <input_file_ref idref="fl-1"/>
      </object_component>
      <object_component id="oc-ca">
         <name>.debug_frame</name>
         <load_address>0x1d8</load_address>
         <run_address>0x1d8</run_address>
         <size>0x34</size>
         <input_file_ref idref="fl-24"/>
      </object_component>
      <object_component id="oc-15d">
         <name>.debug_frame</name>
         <load_address>0x20c</load_address>
         <run_address>0x20c</run_address>
         <size>0x44</size>
         <input_file_ref idref="fl-25"/>
      </object_component>
      <object_component id="oc-11d">
         <name>.debug_frame</name>
         <load_address>0x250</load_address>
         <run_address>0x250</run_address>
         <size>0x3c</size>
         <input_file_ref idref="fl-29"/>
      </object_component>
      <object_component id="oc-1be">
         <name>.debug_frame</name>
         <load_address>0x28c</load_address>
         <run_address>0x28c</run_address>
         <size>0x3c</size>
         <input_file_ref idref="fl-2a"/>
      </object_component>
      <object_component id="oc-39">
         <name>.debug_frame</name>
         <load_address>0x2c8</load_address>
         <run_address>0x2c8</run_address>
         <size>0x3c</size>
         <input_file_ref idref="fl-2b"/>
      </object_component>
      <object_component id="oc-33">
         <name>.debug_frame</name>
         <load_address>0x304</load_address>
         <run_address>0x304</run_address>
         <size>0x48</size>
         <input_file_ref idref="fl-2c"/>
      </object_component>
      <object_component id="oc-151">
         <name>.debug_frame</name>
         <load_address>0x34c</load_address>
         <run_address>0x34c</run_address>
         <size>0x3c</size>
         <input_file_ref idref="fl-2d"/>
      </object_component>
      <object_component id="oc-a0">
         <name>.debug_frame</name>
         <load_address>0x388</load_address>
         <run_address>0x388</run_address>
         <size>0x3c</size>
         <input_file_ref idref="fl-30"/>
      </object_component>
      <object_component id="oc-1da">
         <name>.debug_abbrev</name>
         <load_address>0x0</load_address>
         <run_address>0x0</run_address>
         <size>0x29</size>
         <input_file_ref idref="fl-1"/>
      </object_component>
      <object_component id="oc-1de">
         <name>.debug_abbrev</name>
         <load_address>0x29</load_address>
         <run_address>0x29</run_address>
         <size>0x6c</size>
         <input_file_ref idref="fl-1"/>
      </object_component>
      <object_component id="oc-1dd">
         <name>.debug_abbrev</name>
         <load_address>0x95</load_address>
         <run_address>0x95</run_address>
         <size>0x6c</size>
         <input_file_ref idref="fl-1"/>
      </object_component>
      <object_component id="oc-1dc">
         <name>.debug_abbrev</name>
         <load_address>0x101</load_address>
         <run_address>0x101</run_address>
         <size>0x5e</size>
         <input_file_ref idref="fl-1"/>
      </object_component>
      <object_component id="oc-1df">
         <name>.debug_abbrev</name>
         <load_address>0x15f</load_address>
         <run_address>0x15f</run_address>
         <size>0x5e</size>
         <input_file_ref idref="fl-1"/>
      </object_component>
      <object_component id="oc-1a6">
         <name>.debug_abbrev</name>
         <load_address>0x1bd</load_address>
         <run_address>0x1bd</run_address>
         <size>0x5e</size>
         <input_file_ref idref="fl-1"/>
      </object_component>
      <object_component id="oc-143">
         <name>.debug_abbrev</name>
         <load_address>0x21b</load_address>
         <run_address>0x21b</run_address>
         <size>0x60</size>
         <input_file_ref idref="fl-1"/>
      </object_component>
      <object_component id="oc-10e">
         <name>.debug_abbrev</name>
         <load_address>0x27b</load_address>
         <run_address>0x27b</run_address>
         <size>0x61</size>
         <input_file_ref idref="fl-1"/>
      </object_component>
      <object_component id="oc-146">
         <name>.debug_abbrev</name>
         <load_address>0x2dc</load_address>
         <run_address>0x2dc</run_address>
         <size>0x1f</size>
         <input_file_ref idref="fl-1"/>
      </object_component>
      <object_component id="oc-10f">
         <name>.debug_abbrev</name>
         <load_address>0x2fb</load_address>
         <run_address>0x2fb</run_address>
         <size>0x28</size>
         <input_file_ref idref="fl-23"/>
      </object_component>
      <object_component id="oc-ef">
         <name>.debug_abbrev</name>
         <load_address>0x323</load_address>
         <run_address>0x323</run_address>
         <size>0x29</size>
         <input_file_ref idref="fl-24"/>
      </object_component>
      <object_component id="oc-121">
         <name>.debug_abbrev</name>
         <load_address>0x34c</load_address>
         <run_address>0x34c</run_address>
         <size>0x58</size>
         <input_file_ref idref="fl-24"/>
      </object_component>
      <object_component id="oc-98">
         <name>.debug_abbrev</name>
         <load_address>0x3a4</load_address>
         <run_address>0x3a4</run_address>
         <size>0x1f</size>
         <input_file_ref idref="fl-24"/>
      </object_component>
      <object_component id="oc-1f5">
         <name>.debug_abbrev</name>
         <load_address>0x3c3</load_address>
         <run_address>0x3c3</run_address>
         <size>0xc0</size>
         <input_file_ref idref="fl-25"/>
      </object_component>
      <object_component id="oc-1bf">
         <name>.debug_abbrev</name>
         <load_address>0x483</load_address>
         <run_address>0x483</run_address>
         <size>0x7e</size>
         <input_file_ref idref="fl-25"/>
      </object_component>
      <object_component id="oc-1f9">
         <name>.debug_abbrev</name>
         <load_address>0x501</load_address>
         <run_address>0x501</run_address>
         <size>0x24</size>
         <input_file_ref idref="fl-25"/>
      </object_component>
      <object_component id="oc-20a">
         <name>.debug_abbrev</name>
         <load_address>0x525</load_address>
         <run_address>0x525</run_address>
         <size>0x24</size>
         <input_file_ref idref="fl-25"/>
      </object_component>
      <object_component id="oc-1cd">
         <name>.debug_abbrev</name>
         <load_address>0x549</load_address>
         <run_address>0x549</run_address>
         <size>0x24</size>
         <input_file_ref idref="fl-25"/>
      </object_component>
      <object_component id="oc-1fe">
         <name>.debug_abbrev</name>
         <load_address>0x56d</load_address>
         <run_address>0x56d</run_address>
         <size>0x4b</size>
         <input_file_ref idref="fl-25"/>
      </object_component>
      <object_component id="oc-fe">
         <name>.debug_abbrev</name>
         <load_address>0x5b8</load_address>
         <run_address>0x5b8</run_address>
         <size>0x24</size>
         <input_file_ref idref="fl-26"/>
      </object_component>
      <object_component id="oc-14b">
         <name>.debug_abbrev</name>
         <load_address>0x5dc</load_address>
         <run_address>0x5dc</run_address>
         <size>0x55</size>
         <input_file_ref idref="fl-29"/>
      </object_component>
      <object_component id="oc-1f4">
         <name>.debug_abbrev</name>
         <load_address>0x631</load_address>
         <run_address>0x631</run_address>
         <size>0x53</size>
         <input_file_ref idref="fl-2a"/>
      </object_component>
      <object_component id="oc-106">
         <name>.debug_abbrev</name>
         <load_address>0x684</load_address>
         <run_address>0x684</run_address>
         <size>0x37</size>
         <input_file_ref idref="fl-2b"/>
      </object_component>
      <object_component id="oc-a1">
         <name>.debug_abbrev</name>
         <load_address>0x6bb</load_address>
         <run_address>0x6bb</run_address>
         <size>0x74</size>
         <input_file_ref idref="fl-2b"/>
      </object_component>
      <object_component id="oc-a4">
         <name>.debug_abbrev</name>
         <load_address>0x72f</load_address>
         <run_address>0x72f</run_address>
         <size>0x24</size>
         <input_file_ref idref="fl-2b"/>
      </object_component>
      <object_component id="oc-103">
         <name>.debug_abbrev</name>
         <load_address>0x753</load_address>
         <run_address>0x753</run_address>
         <size>0x24</size>
         <input_file_ref idref="fl-2b"/>
      </object_component>
      <object_component id="oc-139">
         <name>.debug_abbrev</name>
         <load_address>0x777</load_address>
         <run_address>0x777</run_address>
         <size>0x37</size>
         <input_file_ref idref="fl-2c"/>
      </object_component>
      <object_component id="oc-90">
         <name>.debug_abbrev</name>
         <load_address>0x7ae</load_address>
         <run_address>0x7ae</run_address>
         <size>0x7d</size>
         <input_file_ref idref="fl-2c"/>
      </object_component>
      <object_component id="oc-93">
         <name>.debug_abbrev</name>
         <load_address>0x82b</load_address>
         <run_address>0x82b</run_address>
         <size>0x24</size>
         <input_file_ref idref="fl-2c"/>
      </object_component>
      <object_component id="oc-136">
         <name>.debug_abbrev</name>
         <load_address>0x84f</load_address>
         <run_address>0x84f</run_address>
         <size>0x35</size>
         <input_file_ref idref="fl-2c"/>
      </object_component>
      <object_component id="oc-f6">
         <name>.debug_abbrev</name>
         <load_address>0x884</load_address>
         <run_address>0x884</run_address>
         <size>0x24</size>
         <input_file_ref idref="fl-2c"/>
      </object_component>
      <object_component id="oc-1a7">
         <name>.debug_abbrev</name>
         <load_address>0x8a8</load_address>
         <run_address>0x8a8</run_address>
         <size>0x45</size>
         <input_file_ref idref="fl-2d"/>
      </object_component>
      <object_component id="oc-13b">
         <name>.debug_abbrev</name>
         <load_address>0x8ed</load_address>
         <run_address>0x8ed</run_address>
         <size>0x45</size>
         <input_file_ref idref="fl-30"/>
      </object_component>
      <object_component id="oc-fa">
         <name>.debug_abbrev</name>
         <load_address>0x932</load_address>
         <run_address>0x932</run_address>
         <size>0x71</size>
         <input_file_ref idref="fl-30"/>
      </object_component>
      <object_component id="oc-f3">
         <name>.debug_abbrev</name>
         <load_address>0x9a3</load_address>
         <run_address>0x9a3</run_address>
         <size>0x3a</size>
         <input_file_ref idref="fl-31"/>
      </object_component>
      <object_component id="oc-f1">
         <name>.debug_abbrev</name>
         <load_address>0x9dd</load_address>
         <run_address>0x9dd</run_address>
         <size>0x3c</size>
         <input_file_ref idref="fl-32"/>
      </object_component>
      <object_component id="oc-f2">
         <name>.debug_abbrev</name>
         <load_address>0xa19</load_address>
         <run_address>0xa19</run_address>
         <size>0x3c</size>
         <input_file_ref idref="fl-33"/>
      </object_component>
      <object_component id="oc-25d">
         <name>.debug_abbrev</name>
         <load_address>0xa55</load_address>
         <run_address>0xa55</run_address>
         <size>0xf</size>
      </object_component>
      <object_component id="oc-148">
         <name>.debug_str</name>
         <load_address>0x0</load_address>
         <run_address>0x0</run_address>
         <size>0xff</size>
         <input_file_ref idref="fl-1"/>
      </object_component>
      <object_component id="oc-9a">
         <name>.debug_str</name>
         <load_address>0xff</load_address>
         <run_address>0xff</run_address>
         <size>0xff</size>
         <input_file_ref idref="fl-24"/>
      </object_component>
      <object_component id="oc-1fb">
         <name>.debug_str</name>
         <load_address>0x1fe</load_address>
         <run_address>0x1fe</run_address>
         <size>0xed</size>
         <input_file_ref idref="fl-25"/>
      </object_component>
      <object_component id="oc-20c">
         <name>.debug_str</name>
         <load_address>0x2eb</load_address>
         <run_address>0x2eb</run_address>
         <size>0x14c</size>
         <input_file_ref idref="fl-25"/>
      </object_component>
      <object_component id="oc-1cf">
         <name>.debug_str</name>
         <load_address>0x437</load_address>
         <run_address>0x437</run_address>
         <size>0x147</size>
         <input_file_ref idref="fl-25"/>
      </object_component>
      <object_component id="oc-200">
         <name>.debug_str</name>
         <load_address>0x57e</load_address>
         <run_address>0x57e</run_address>
         <size>0x197</size>
         <input_file_ref idref="fl-25"/>
      </object_component>
      <object_component id="oc-100">
         <name>.debug_str</name>
         <load_address>0x715</load_address>
         <run_address>0x715</run_address>
         <size>0x140</size>
         <input_file_ref idref="fl-26"/>
      </object_component>
      <object_component id="oc-a6">
         <name>.debug_str</name>
         <load_address>0x855</load_address>
         <run_address>0x855</run_address>
         <size>0x10b</size>
         <input_file_ref idref="fl-2b"/>
      </object_component>
      <object_component id="oc-105">
         <name>.debug_str</name>
         <load_address>0x960</load_address>
         <run_address>0x960</run_address>
         <size>0x140</size>
         <input_file_ref idref="fl-2b"/>
      </object_component>
      <object_component id="oc-95">
         <name>.debug_str</name>
         <load_address>0xaa0</load_address>
         <run_address>0xaa0</run_address>
         <size>0x118</size>
         <input_file_ref idref="fl-2c"/>
      </object_component>
      <object_component id="oc-138">
         <name>.debug_str</name>
         <load_address>0xbb8</load_address>
         <run_address>0xbb8</run_address>
         <size>0x16b</size>
         <input_file_ref idref="fl-2c"/>
      </object_component>
      <object_component id="oc-f8">
         <name>.debug_str</name>
         <load_address>0xd23</load_address>
         <run_address>0xd23</run_address>
         <size>0x158</size>
         <input_file_ref idref="fl-2c"/>
      </object_component>
      <object_component id="oc-19c">
         <name>.debug_aranges</name>
         <load_address>0x0</load_address>
         <run_address>0x0</run_address>
         <size>0x20</size>
         <input_file_ref idref="fl-1"/>
      </object_component>
      <object_component id="oc-196">
         <name>.debug_aranges</name>
         <load_address>0x20</load_address>
         <run_address>0x20</run_address>
         <size>0x20</size>
         <input_file_ref idref="fl-1"/>
      </object_component>
      <object_component id="oc-190">
         <name>.debug_aranges</name>
         <load_address>0x40</load_address>
         <run_address>0x40</run_address>
         <size>0x20</size>
         <input_file_ref idref="fl-1"/>
      </object_component>
      <object_component id="oc-1a2">
         <name>.debug_aranges</name>
         <load_address>0x60</load_address>
         <run_address>0x60</run_address>
         <size>0x20</size>
         <input_file_ref idref="fl-1"/>
      </object_component>
      <object_component id="oc-13f">
         <name>.debug_aranges</name>
         <load_address>0x80</load_address>
         <run_address>0x80</run_address>
         <size>0x20</size>
         <input_file_ref idref="fl-1"/>
      </object_component>
      <object_component id="oc-10a">
         <name>.debug_aranges</name>
         <load_address>0xa0</load_address>
         <run_address>0xa0</run_address>
         <size>0x20</size>
         <input_file_ref idref="fl-1"/>
      </object_component>
      <object_component id="oc-aa">
         <name>.debug_aranges</name>
         <load_address>0xc0</load_address>
         <run_address>0xc0</run_address>
         <size>0x20</size>
         <input_file_ref idref="fl-1"/>
      </object_component>
      <object_component id="oc-b0">
         <name>.debug_aranges</name>
         <load_address>0xe0</load_address>
         <run_address>0xe0</run_address>
         <size>0x20</size>
         <input_file_ref idref="fl-23"/>
      </object_component>
      <object_component id="oc-c7">
         <name>.debug_aranges</name>
         <load_address>0x100</load_address>
         <run_address>0x100</run_address>
         <size>0x20</size>
         <input_file_ref idref="fl-24"/>
      </object_component>
      <object_component id="oc-15a">
         <name>.debug_aranges</name>
         <load_address>0x120</load_address>
         <run_address>0x120</run_address>
         <size>0x20</size>
         <input_file_ref idref="fl-25"/>
      </object_component>
      <object_component id="oc-11a">
         <name>.debug_aranges</name>
         <load_address>0x140</load_address>
         <run_address>0x140</run_address>
         <size>0x20</size>
         <input_file_ref idref="fl-29"/>
      </object_component>
      <object_component id="oc-1bb">
         <name>.debug_aranges</name>
         <load_address>0x160</load_address>
         <run_address>0x160</run_address>
         <size>0x20</size>
         <input_file_ref idref="fl-2a"/>
      </object_component>
      <object_component id="oc-36">
         <name>.debug_aranges</name>
         <load_address>0x180</load_address>
         <run_address>0x180</run_address>
         <size>0x20</size>
         <input_file_ref idref="fl-2b"/>
      </object_component>
      <object_component id="oc-30">
         <name>.debug_aranges</name>
         <load_address>0x1a0</load_address>
         <run_address>0x1a0</run_address>
         <size>0x20</size>
         <input_file_ref idref="fl-2c"/>
      </object_component>
      <object_component id="oc-14e">
         <name>.debug_aranges</name>
         <load_address>0x1c0</load_address>
         <run_address>0x1c0</run_address>
         <size>0x20</size>
         <input_file_ref idref="fl-2d"/>
      </object_component>
      <object_component id="oc-9d">
         <name>.debug_aranges</name>
         <load_address>0x1e0</load_address>
         <run_address>0x1e0</run_address>
         <size>0x20</size>
         <input_file_ref idref="fl-30"/>
      </object_component>
      <object_component id="oc-8d">
         <name>.debug_aranges</name>
         <load_address>0x200</load_address>
         <run_address>0x200</run_address>
         <size>0x20</size>
         <input_file_ref idref="fl-31"/>
      </object_component>
      <object_component id="oc-83">
         <name>.debug_aranges</name>
         <load_address>0x220</load_address>
         <run_address>0x220</run_address>
         <size>0x20</size>
         <input_file_ref idref="fl-32"/>
      </object_component>
      <object_component id="oc-88">
         <name>.debug_aranges</name>
         <load_address>0x240</load_address>
         <run_address>0x240</run_address>
         <size>0x20</size>
         <input_file_ref idref="fl-33"/>
      </object_component>
      <object_component id="oc-18d">
         <name>.debug_pubnames</name>
         <load_address>0x0</load_address>
         <run_address>0x0</run_address>
         <size>0x10e</size>
         <input_file_ref idref="fl-1"/>
      </object_component>
      <object_component id="oc-19d">
         <name>.debug_pubnames</name>
         <load_address>0x10e</load_address>
         <run_address>0x10e</run_address>
         <size>0x1c</size>
         <input_file_ref idref="fl-1"/>
      </object_component>
      <object_component id="oc-197">
         <name>.debug_pubnames</name>
         <load_address>0x12a</load_address>
         <run_address>0x12a</run_address>
         <size>0x20</size>
         <input_file_ref idref="fl-1"/>
      </object_component>
      <object_component id="oc-191">
         <name>.debug_pubnames</name>
         <load_address>0x14a</load_address>
         <run_address>0x14a</run_address>
         <size>0x23</size>
         <input_file_ref idref="fl-1"/>
      </object_component>
      <object_component id="oc-1a3">
         <name>.debug_pubnames</name>
         <load_address>0x16d</load_address>
         <run_address>0x16d</run_address>
         <size>0x2a</size>
         <input_file_ref idref="fl-1"/>
      </object_component>
      <object_component id="oc-140">
         <name>.debug_pubnames</name>
         <load_address>0x197</load_address>
         <run_address>0x197</run_address>
         <size>0x25</size>
         <input_file_ref idref="fl-1"/>
      </object_component>
      <object_component id="oc-10b">
         <name>.debug_pubnames</name>
         <load_address>0x1bc</load_address>
         <run_address>0x1bc</run_address>
         <size>0x1b</size>
         <input_file_ref idref="fl-1"/>
      </object_component>
      <object_component id="oc-ab">
         <name>.debug_pubnames</name>
         <load_address>0x1d7</load_address>
         <run_address>0x1d7</run_address>
         <size>0x1d</size>
         <input_file_ref idref="fl-1"/>
      </object_component>
      <object_component id="oc-b1">
         <name>.debug_pubnames</name>
         <load_address>0x1f4</load_address>
         <run_address>0x1f4</run_address>
         <size>0x2b</size>
         <input_file_ref idref="fl-23"/>
      </object_component>
      <object_component id="oc-7f">
         <name>.debug_pubnames</name>
         <load_address>0x21f</load_address>
         <run_address>0x21f</run_address>
         <size>0x1d</size>
         <input_file_ref idref="fl-24"/>
      </object_component>
      <object_component id="oc-c8">
         <name>.debug_pubnames</name>
         <load_address>0x23c</load_address>
         <run_address>0x23c</run_address>
         <size>0x26</size>
         <input_file_ref idref="fl-24"/>
      </object_component>
      <object_component id="oc-15b">
         <name>.debug_pubnames</name>
         <load_address>0x262</load_address>
         <run_address>0x262</run_address>
         <size>0x35</size>
         <input_file_ref idref="fl-25"/>
      </object_component>
      <object_component id="oc-11b">
         <name>.debug_pubnames</name>
         <load_address>0x297</load_address>
         <run_address>0x297</run_address>
         <size>0x27</size>
         <input_file_ref idref="fl-29"/>
      </object_component>
      <object_component id="oc-1bc">
         <name>.debug_pubnames</name>
         <load_address>0x2be</load_address>
         <run_address>0x2be</run_address>
         <size>0x29</size>
         <input_file_ref idref="fl-2a"/>
      </object_component>
      <object_component id="oc-37">
         <name>.debug_pubnames</name>
         <load_address>0x2e7</load_address>
         <run_address>0x2e7</run_address>
         <size>0x2b</size>
         <input_file_ref idref="fl-2b"/>
      </object_component>
      <object_component id="oc-31">
         <name>.debug_pubnames</name>
         <load_address>0x312</load_address>
         <run_address>0x312</run_address>
         <size>0x2b</size>
         <input_file_ref idref="fl-2c"/>
      </object_component>
      <object_component id="oc-14f">
         <name>.debug_pubnames</name>
         <load_address>0x33d</load_address>
         <run_address>0x33d</run_address>
         <size>0x1c</size>
         <input_file_ref idref="fl-2d"/>
      </object_component>
      <object_component id="oc-9e">
         <name>.debug_pubnames</name>
         <load_address>0x359</load_address>
         <run_address>0x359</run_address>
         <size>0x1d</size>
         <input_file_ref idref="fl-30"/>
      </object_component>
      <object_component id="oc-8e">
         <name>.debug_pubnames</name>
         <load_address>0x376</load_address>
         <run_address>0x376</run_address>
         <size>0x2b</size>
         <input_file_ref idref="fl-31"/>
      </object_component>
      <object_component id="oc-84">
         <name>.debug_pubnames</name>
         <load_address>0x3a1</load_address>
         <run_address>0x3a1</run_address>
         <size>0x24</size>
         <input_file_ref idref="fl-32"/>
      </object_component>
      <object_component id="oc-89">
         <name>.debug_pubnames</name>
         <load_address>0x3c5</load_address>
         <run_address>0x3c5</run_address>
         <size>0x24</size>
         <input_file_ref idref="fl-33"/>
      </object_component>
      <object_component id="oc-145">
         <name>.debug_pubtypes</name>
         <load_address>0x0</load_address>
         <run_address>0x0</run_address>
         <size>0xff</size>
         <input_file_ref idref="fl-1"/>
      </object_component>
      <object_component id="oc-97">
         <name>.debug_pubtypes</name>
         <load_address>0xff</load_address>
         <run_address>0xff</run_address>
         <size>0xed</size>
         <input_file_ref idref="fl-24"/>
      </object_component>
      <object_component id="oc-1f8">
         <name>.debug_pubtypes</name>
         <load_address>0x1ec</load_address>
         <run_address>0x1ec</run_address>
         <size>0x32</size>
         <input_file_ref idref="fl-25"/>
      </object_component>
      <object_component id="oc-209">
         <name>.debug_pubtypes</name>
         <load_address>0x21e</load_address>
         <run_address>0x21e</run_address>
         <size>0x21</size>
         <input_file_ref idref="fl-25"/>
      </object_component>
      <object_component id="oc-1cc">
         <name>.debug_pubtypes</name>
         <load_address>0x23f</load_address>
         <run_address>0x23f</run_address>
         <size>0x1f</size>
         <input_file_ref idref="fl-25"/>
      </object_component>
      <object_component id="oc-1fd">
         <name>.debug_pubtypes</name>
         <load_address>0x25e</load_address>
         <run_address>0x25e</run_address>
         <size>0x50</size>
         <input_file_ref idref="fl-25"/>
      </object_component>
      <object_component id="oc-fd">
         <name>.debug_pubtypes</name>
         <load_address>0x2ae</load_address>
         <run_address>0x2ae</run_address>
         <size>0x1d</size>
         <input_file_ref idref="fl-26"/>
      </object_component>
      <object_component id="oc-a3">
         <name>.debug_pubtypes</name>
         <load_address>0x2cb</load_address>
         <run_address>0x2cb</run_address>
         <size>0x48</size>
         <input_file_ref idref="fl-2b"/>
      </object_component>
      <object_component id="oc-102">
         <name>.debug_pubtypes</name>
         <load_address>0x313</load_address>
         <run_address>0x313</run_address>
         <size>0x1d</size>
         <input_file_ref idref="fl-2b"/>
      </object_component>
      <object_component id="oc-92">
         <name>.debug_pubtypes</name>
         <load_address>0x330</load_address>
         <run_address>0x330</run_address>
         <size>0x5d</size>
         <input_file_ref idref="fl-2c"/>
      </object_component>
      <object_component id="oc-135">
         <name>.debug_pubtypes</name>
         <load_address>0x38d</load_address>
         <run_address>0x38d</run_address>
         <size>0x48</size>
         <input_file_ref idref="fl-2c"/>
      </object_component>
      <object_component id="oc-f5">
         <name>.debug_pubtypes</name>
         <load_address>0x3d5</load_address>
         <run_address>0x3d5</run_address>
         <size>0x35</size>
         <input_file_ref idref="fl-2c"/>
      </object_component>
   </object_component_list>
   <logical_group_list>
      <logical_group id="lg-2" display="no" color="cyan">
         <name>.bss</name>
         <run_address>0x0</run_address>
         <size>0x0</size>
         <contents>
         </contents>
      </logical_group>
      <logical_group id="lg-3" display="no" color="cyan">
         <name>.data</name>
         <run_address>0x200</run_address>
         <size>0x1f</size>
         <contents>
            <object_component_ref idref="oc-18b"/>
         </contents>
      </logical_group>
      <logical_group id="lg-4" display="no" color="cyan">
         <name>.TI.noinit</name>
         <run_address>0x0</run_address>
         <size>0x0</size>
         <contents>
         </contents>
      </logical_group>
      <logical_group id="lg-5" display="no" color="cyan">
         <name>.sysmem</name>
         <run_address>0x0</run_address>
         <size>0x0</size>
         <contents>
         </contents>
      </logical_group>
      <logical_group id="lg-6" display="no" color="cyan">
         <name>.stack</name>
         <run_address>0x24c</run_address>
         <size>0x34</size>
         <contents>
            <object_component_ref idref="oc-7d"/>
            <object_component_ref idref="oc-25b"/>
         </contents>
      </logical_group>
      <logical_group id="lg-7" display="no" color="cyan">
         <name>.text</name>
         <load_address>0xf800</load_address>
         <run_address>0xf800</run_address>
         <size>0x628</size>
         <contents>
            <object_component_ref idref="oc-13d"/>
            <object_component_ref idref="oc-194"/>
            <object_component_ref idref="oc-1a0"/>
            <object_component_ref idref="oc-2e"/>
            <object_component_ref idref="oc-108"/>
            <object_component_ref idref="oc-18e"/>
            <object_component_ref idref="oc-86"/>
            <object_component_ref idref="oc-158"/>
            <object_component_ref idref="oc-a8"/>
            <object_component_ref idref="oc-81"/>
            <object_component_ref idref="oc-c5"/>
            <object_component_ref idref="oc-34"/>
            <object_component_ref idref="oc-9b"/>
            <object_component_ref idref="oc-8b"/>
            <object_component_ref idref="oc-19a"/>
            <object_component_ref idref="oc-ae"/>
            <object_component_ref idref="oc-14c"/>
            <object_component_ref idref="oc-118"/>
            <object_component_ref idref="oc-1b9"/>
         </contents>
      </logical_group>
      <logical_group id="lg-8" display="no" color="cyan">
         <name>.cinit</name>
         <load_address>0xfe28</load_address>
         <run_address>0xfe28</run_address>
         <size>0x10</size>
         <contents>
            <object_component_ref idref="oc-25a"/>
            <object_component_ref idref="oc-258"/>
            <object_component_ref idref="oc-259"/>
         </contents>
      </logical_group>
      <logical_group id="lg-9" display="no" color="cyan">
         <name>.const</name>
         <run_address>0x0</run_address>
         <size>0x0</size>
         <contents>
         </contents>
      </logical_group>
      <logical_group id="lg-a" display="no" color="cyan">
         <name>.cio</name>
         <run_address>0x0</run_address>
         <size>0x0</size>
         <contents>
         </contents>
      </logical_group>
      <logical_group id="lg-b" display="no" color="cyan">
         <name>.pinit</name>
         <run_address>0x0</run_address>
         <size>0x0</size>
         <contents>
         </contents>
      </logical_group>
      <logical_group id="lg-c" display="no" color="cyan">
         <name>.binit</name>
         <load_address>0xf800</load_address>
         <run_address>0xf800</run_address>
         <size>0x0</size>
         <contents>
            <object_component_ref idref="oc-21b"/>
         </contents>
      </logical_group>
      <logical_group id="lg-d" display="no" color="cyan">
         <name>.init_array</name>
         <run_address>0x0</run_address>
         <size>0x0</size>
         <contents>
         </contents>
      </logical_group>
      <logical_group id="lg-e" display="no" color="cyan">
         <name>.mspabi.exidx</name>
         <run_address>0x0</run_address>
         <size>0x0</size>
         <contents>
         </contents>
      </logical_group>
      <logical_group id="lg-f" display="no" color="cyan">
         <name>.mspabi.extab</name>
         <run_address>0x0</run_address>
         <size>0x0</size>
         <contents>
         </contents>
      </logical_group>
      <logical_group id="lg-10" display="no" color="cyan">
         <name>.TI.ramfunc</name>
         <run_address>0x0</run_address>
         <size>0x0</size>
         <contents>
         </contents>
      </logical_group>
      <logical_group id="lg-11" display="no" color="cyan">
         <name>.infoA</name>
         <run_address>0x0</run_address>
         <size>0x0</size>
         <contents>
         </contents>
      </logical_group>
      <logical_group id="lg-12" display="no" color="cyan">
         <name>.infoB</name>
         <run_address>0x0</run_address>
         <size>0x0</size>
         <contents>
         </contents>
      </logical_group>
      <logical_group id="lg-13" display="no" color="cyan">
         <name>.infoC</name>
         <run_address>0x0</run_address>
         <size>0x0</size>
         <contents>
         </contents>
      </logical_group>
      <logical_group id="lg-14" display="no" color="cyan">
         <name>.infoD</name>
         <run_address>0x0</run_address>
         <size>0x0</size>
         <contents>
         </contents>
      </logical_group>
      <logical_group id="lg-15" display="no" color="cyan">
         <name>.int00</name>
         <run_address>0x0</run_address>
         <size>0x0</size>
         <contents>
         </contents>
      </logical_group>
      <logical_group id="lg-16" display="no" color="cyan">
         <name>.int01</name>
         <run_address>0x0</run_address>
         <size>0x0</size>
         <contents>
         </contents>
      </logical_group>
      <logical_group id="lg-17" display="no" color="cyan">
         <name>PORT1</name>
         <load_address>0xffe4</load_address>
         <run_address>0xffe4</run_address>
         <size>0x2</size>
         <contents>
            <object_component_ref idref="oc-3a"/>
         </contents>
      </logical_group>
      <logical_group id="lg-19" display="no" color="cyan">
         <name>PORT2</name>
         <load_address>0xffe6</load_address>
         <run_address>0xffe6</run_address>
         <size>0x2</size>
         <contents>
            <object_component_ref idref="oc-3b"/>
         </contents>
      </logical_group>
      <logical_group id="lg-1b" display="no" color="cyan">
         <name>USI</name>
         <load_address>0xffe8</load_address>
         <run_address>0xffe8</run_address>
         <size>0x2</size>
         <contents>
            <object_component_ref idref="oc-3c"/>
         </contents>
      </logical_group>
      <logical_group id="lg-1d" display="no" color="cyan">
         <name>ADC10</name>
         <load_address>0xffea</load_address>
         <run_address>0xffea</run_address>
         <size>0x2</size>
         <contents>
            <object_component_ref idref="oc-3d"/>
         </contents>
      </logical_group>
      <logical_group id="lg-1f" display="no" color="cyan">
         <name>.int06</name>
         <run_address>0x0</run_address>
         <size>0x0</size>
         <contents>
         </contents>
      </logical_group>
      <logical_group id="lg-20" display="no" color="cyan">
         <name>.int07</name>
         <run_address>0x0</run_address>
         <size>0x0</size>
         <contents>
         </contents>
      </logical_group>
      <logical_group id="lg-21" display="no" color="cyan">
         <name>TIMERA1</name>
         <load_address>0xfff0</load_address>
         <run_address>0xfff0</run_address>
         <size>0x2</size>
         <contents>
            <object_component_ref idref="oc-3e"/>
         </contents>
      </logical_group>
      <logical_group id="lg-23" display="no" color="cyan">
         <name>TIMERA0</name>
         <load_address>0xfff2</load_address>
         <run_address>0xfff2</run_address>
         <size>0x2</size>
         <contents>
            <object_component_ref idref="oc-3f"/>
         </contents>
      </logical_group>
      <logical_group id="lg-25" display="no" color="cyan">
         <name>WDT</name>
         <load_address>0xfff4</load_address>
         <run_address>0xfff4</run_address>
         <size>0x2</size>
         <contents>
            <object_component_ref idref="oc-40"/>
         </contents>
      </logical_group>
      <logical_group id="lg-27" display="no" color="cyan">
         <name>.int11</name>
         <run_address>0x0</run_address>
         <size>0x0</size>
         <contents>
         </contents>
      </logical_group>
      <logical_group id="lg-28" display="no" color="cyan">
         <name>.int12</name>
         <run_address>0x0</run_address>
         <size>0x0</size>
         <contents>
         </contents>
      </logical_group>
      <logical_group id="lg-29" display="no" color="cyan">
         <name>.int13</name>
         <run_address>0x0</run_address>
         <size>0x0</size>
         <contents>
         </contents>
      </logical_group>
      <logical_group id="lg-2a" display="no" color="cyan">
         <name>NMI</name>
         <load_address>0xfffc</load_address>
         <run_address>0xfffc</run_address>
         <size>0x2</size>
         <contents>
            <object_component_ref idref="oc-41"/>
         </contents>
      </logical_group>
      <logical_group id="lg-2c" display="no" color="cyan">
         <name>.reset</name>
         <load_address>0xfffe</load_address>
         <run_address>0xfffe</run_address>
         <size>0x2</size>
         <contents>
            <object_component_ref idref="oc-80"/>
         </contents>
      </logical_group>
      <logical_group id="lg-21a" display="no" color="cyan">
         <name>.TI.persistent</name>
         <run_address>0x0</run_address>
         <size>0x0</size>
         <contents>
         </contents>
      </logical_group>
      <logical_group id="lg-240" display="never" color="cyan">
         <name>.debug_info</name>
         <load_address>0x0</load_address>
         <run_address>0x0</run_address>
         <size>0x2b11</size>
         <contents>
            <object_component_ref idref="oc-18c"/>
            <object_component_ref idref="oc-19b"/>
            <object_component_ref idref="oc-195"/>
            <object_component_ref idref="oc-18f"/>
            <object_component_ref idref="oc-1a1"/>
            <object_component_ref idref="oc-13e"/>
            <object_component_ref idref="oc-109"/>
            <object_component_ref idref="oc-a9"/>
            <object_component_ref idref="oc-144"/>
            <object_component_ref idref="oc-af"/>
            <object_component_ref idref="oc-7e"/>
            <object_component_ref idref="oc-c6"/>
            <object_component_ref idref="oc-96"/>
            <object_component_ref idref="oc-1c0"/>
            <object_component_ref idref="oc-159"/>
            <object_component_ref idref="oc-1f7"/>
            <object_component_ref idref="oc-208"/>
            <object_component_ref idref="oc-1cb"/>
            <object_component_ref idref="oc-1fc"/>
            <object_component_ref idref="oc-fc"/>
            <object_component_ref idref="oc-119"/>
            <object_component_ref idref="oc-1ba"/>
            <object_component_ref idref="oc-a7"/>
            <object_component_ref idref="oc-35"/>
            <object_component_ref idref="oc-a2"/>
            <object_component_ref idref="oc-101"/>
            <object_component_ref idref="oc-f9"/>
            <object_component_ref idref="oc-2f"/>
            <object_component_ref idref="oc-91"/>
            <object_component_ref idref="oc-134"/>
            <object_component_ref idref="oc-f4"/>
            <object_component_ref idref="oc-14d"/>
            <object_component_ref idref="oc-fb"/>
            <object_component_ref idref="oc-9c"/>
            <object_component_ref idref="oc-8c"/>
            <object_component_ref idref="oc-82"/>
            <object_component_ref idref="oc-87"/>
            <object_component_ref idref="oc-25c"/>
         </contents>
      </logical_group>
      <logical_group id="lg-242" display="never" color="cyan">
         <name>.debug_line</name>
         <load_address>0x0</load_address>
         <run_address>0x0</run_address>
         <size>0xdde</size>
         <contents>
            <object_component_ref idref="oc-1db"/>
            <object_component_ref idref="oc-19e"/>
            <object_component_ref idref="oc-198"/>
            <object_component_ref idref="oc-192"/>
            <object_component_ref idref="oc-1a4"/>
            <object_component_ref idref="oc-141"/>
            <object_component_ref idref="oc-10c"/>
            <object_component_ref idref="oc-ac"/>
            <object_component_ref idref="oc-147"/>
            <object_component_ref idref="oc-b2"/>
            <object_component_ref idref="oc-f0"/>
            <object_component_ref idref="oc-c9"/>
            <object_component_ref idref="oc-99"/>
            <object_component_ref idref="oc-1f6"/>
            <object_component_ref idref="oc-15c"/>
            <object_component_ref idref="oc-1fa"/>
            <object_component_ref idref="oc-20b"/>
            <object_component_ref idref="oc-1ce"/>
            <object_component_ref idref="oc-1ff"/>
            <object_component_ref idref="oc-ff"/>
            <object_component_ref idref="oc-11c"/>
            <object_component_ref idref="oc-1bd"/>
            <object_component_ref idref="oc-107"/>
            <object_component_ref idref="oc-38"/>
            <object_component_ref idref="oc-a5"/>
            <object_component_ref idref="oc-104"/>
            <object_component_ref idref="oc-13a"/>
            <object_component_ref idref="oc-32"/>
            <object_component_ref idref="oc-94"/>
            <object_component_ref idref="oc-137"/>
            <object_component_ref idref="oc-f7"/>
            <object_component_ref idref="oc-150"/>
            <object_component_ref idref="oc-13c"/>
            <object_component_ref idref="oc-9f"/>
            <object_component_ref idref="oc-8f"/>
            <object_component_ref idref="oc-85"/>
            <object_component_ref idref="oc-8a"/>
         </contents>
      </logical_group>
      <logical_group id="lg-244" display="never" color="cyan">
         <name>.debug_frame</name>
         <load_address>0x0</load_address>
         <run_address>0x0</run_address>
         <size>0x3c4</size>
         <contents>
            <object_component_ref idref="oc-19f"/>
            <object_component_ref idref="oc-199"/>
            <object_component_ref idref="oc-193"/>
            <object_component_ref idref="oc-1a5"/>
            <object_component_ref idref="oc-142"/>
            <object_component_ref idref="oc-10d"/>
            <object_component_ref idref="oc-ad"/>
            <object_component_ref idref="oc-ca"/>
            <object_component_ref idref="oc-15d"/>
            <object_component_ref idref="oc-11d"/>
            <object_component_ref idref="oc-1be"/>
            <object_component_ref idref="oc-39"/>
            <object_component_ref idref="oc-33"/>
            <object_component_ref idref="oc-151"/>
            <object_component_ref idref="oc-a0"/>
         </contents>
      </logical_group>
[...]
      </symbol>
      <symbol id="sm-3">
         <name>ADC10DTC0</name>
         <value>0x48</value>
      </symbol>
      <symbol id="sm-4">
         <name>ADC10DTC1</name>
         <value>0x49</value>
      </symbol>
      <symbol id="sm-5">
         <name>ADC10AE0</name>
         <value>0x4a</value>
      </symbol>
      <symbol id="sm-6">
         <name>ADC10CTL0</name>
         <value>0x1b0</value>
      </symbol>
      <symbol id="sm-7">
         <name>ADC10CTL1</name>
         <value>0x1b2</value>
      </symbol>
      <symbol id="sm-8">
         <name>ADC10MEM</name>
         <value>0x1b4</value>
      </symbol>
      <symbol id="sm-9">
         <name>ADC10SA</name>
         <value>0x1bc</value>
      </symbol>
      <symbol id="sm-a">
         <name>DCOCTL</name>
         <value>0x56</value>
      </symbol>
      <symbol id="sm-b">
         <name>BCSCTL1</name>
         <value>0x57</value>
      </symbol>
      <symbol id="sm-c">
         <name>BCSCTL2</name>
         <value>0x58</value>
      </symbol>
      <symbol id="sm-d">
         <name>BCSCTL3</name>
         <value>0x53</value>
      </symbol>
      <symbol id="sm-e">
         <name>FCTL1</name>
         <value>0x128</value>
      </symbol>
      <symbol id="sm-f">
         <name>FCTL2</name>
         <value>0x12a</value>
      </symbol>
      <symbol id="sm-10">
         <name>FCTL3</name>
         <value>0x12c</value>
      </symbol>
      <symbol id="sm-11">
         <name>P1IN</name>
         <value>0x20</value>
      </symbol>
      <symbol id="sm-12">
         <name>P1OUT</name>
         <value>0x21</value>
      </symbol>
      <symbol id="sm-13">
         <name>P1DIR</name>
         <value>0x22</value>
      </symbol>
      <symbol id="sm-14">
         <name>P1IFG</name>
         <value>0x23</value>
      </symbol>
      <symbol id="sm-15">
         <name>P1IES</name>
         <value>0x24</value>
      </symbol>
      <symbol id="sm-16">
         <name>P1IE</name>
         <value>0x25</value>
      </symbol>
      <symbol id="sm-17">
         <name>P1SEL</name>
         <value>0x26</value>
      </symbol>
      <symbol id="sm-18">
         <name>P1REN</name>
         <value>0x27</value>
      </symbol>
      <symbol id="sm-19">
         <name>P2IN</name>
         <value>0x28</value>
      </symbol>
      <symbol id="sm-1a">
         <name>P2OUT</name>
         <value>0x29</value>
      </symbol>
      <symbol id="sm-1b">
         <name>P2DIR</name>
         <value>0x2a</value>
      </symbol>
      <symbol id="sm-1c">
         <name>P2IFG</name>
         <value>0x2b</value>
      </symbol>
      <symbol id="sm-1d">
         <name>P2IES</name>
         <value>0x2c</value>
      </symbol>
      <symbol id="sm-1e">
         <name>P2IE</name>
         <value>0x2d</value>
      </symbol>
      <symbol id="sm-1f">
         <name>P2SEL</name>
         <value>0x2e</value>
      </symbol>
      <symbol id="sm-20">
         <name>P2REN</name>
         <value>0x2f</value>
      </symbol>
      <symbol id="sm-21">
         <name>TAIV</name>
         <value>0x12e</value>
      </symbol>
      <symbol id="sm-22">
         <name>TACTL</name>
         <value>0x160</value>
      </symbol>
      <symbol id="sm-23">
         <name>TACCTL0</name>
         <value>0x162</value>
      </symbol>
      <symbol id="sm-24">
         <name>TACCTL1</name>
         <value>0x164</value>
      </symbol>
      <symbol id="sm-25">
         <name>TAR</name>
         <value>0x170</value>
      </symbol>
      <symbol id="sm-26">
         <name>TACCR0</name>
         <value>0x172</value>
      </symbol>
      <symbol id="sm-27">
         <name>TACCR1</name>
         <value>0x174</value>
      </symbol>
      <symbol id="sm-28">
         <name>USICTL0</name>
         <value>0x78</value>
      </symbol>
      <symbol id="sm-29">
         <name>USICTL1</name>
         <value>0x79</value>
      </symbol>
      <symbol id="sm-2a">
         <name>USICKCTL</name>
         <value>0x7a</value>
      </symbol>
      <symbol id="sm-2b">
         <name>USICNT</name>
         <value>0x7b</value>
      </symbol>
      <symbol id="sm-2c">
         <name>USISRL</name>
         <value>0x7c</value>
      </symbol>
      <symbol id="sm-2d">
         <name>USISRH</name>
         <value>0x7d</value>
      </symbol>
      <symbol id="sm-2e">
         <name>USICTL</name>
         <value>0x78</value>
      </symbol>
      <symbol id="sm-2f">
         <name>USICCTL</name>
         <value>0x7a</value>
      </symbol>
      <symbol id="sm-30">
         <name>USISR</name>
         <value>0x7c</value>
      </symbol>
      <symbol id="sm-31">
         <name>WDTCTL</name>
         <value>0x120</value>
      </symbol>
      <symbol id="sm-32">
         <name>CALDCO_16MHZ</name>
         <value>0x10f8</value>
      </symbol>
      <symbol id="sm-33">
         <name>CALBC1_16MHZ</name>
         <value>0x10f9</value>
      </symbol>
      <symbol id="sm-34">
         <name>CALDCO_12MHZ</name>
         <value>0x10fa</value>
      </symbol>
      <symbol id="sm-35">
         <name>CALBC1_12MHZ</name>
         <value>0x10fb</value>
      </symbol>
      <symbol id="sm-36">
         <name>CALDCO_8MHZ</name>
         <value>0x10fc</value>
      </symbol>
      <symbol id="sm-37">
         <name>CALBC1_8MHZ</name>
         <value>0x10fd</value>
      </symbol>
      <symbol id="sm-38">
         <name>CALDCO_1MHZ</name>
         <value>0x10fe</value>
      </symbol>
      <symbol id="sm-39">
         <name>CALBC1_1MHZ</name>
         <value>0x10ff</value>
      </symbol>
      <symbol id="sm-3a">
         <name>__TI_CINIT_Base</name>
         <value>0xfe34</value>
      </symbol>
      <symbol id="sm-3b">
         <name>__TI_CINIT_Limit</name>
         <value>0xfe38</value>
      </symbol>
      <symbol id="sm-3c">
         <name>__TI_Handler_Table_Base</name>
         <value>0xfe30</value>
      </symbol>
      <symbol id="sm-3d">
         <name>__TI_Handler_Table_Limit</name>
         <value>0xfe34</value>
      </symbol>
      <symbol id="sm-3e">
         <name>__STACK_SIZE</name>
         <value>0x34</value>
      </symbol>
      <symbol id="sm-3f">
         <name>__STACK_END</name>
         <value>0x280</value>
      </symbol>
      <symbol id="sm-40">
         <name>__c_args__</name>
         <value>0xffffffff</value>
      </symbol>
      <symbol id="sm-41">
         <name>__TI_pprof_out_hndl</name>
         <value>0xffffffff</value>
      </symbol>
      <symbol id="sm-42">
         <name>__TI_prof_data_start</name>
         <value>0xffffffff</value>
      </symbol>
      <symbol id="sm-43">
         <name>__TI_prof_data_size</name>
         <value>0xffffffff</value>
      </symbol>
      <symbol id="sm-e7">
         <name>sleep_time</name>
         <value>0x200</value>
         <object_component_ref idref="oc-18b"/>
      </symbol>
      <symbol id="sm-e8">
         <name>cur1Peg</name>
         <value>0x21a</value>
         <object_component_ref idref="oc-18b"/>
      </symbol>
      <symbol id="sm-e9">
         <name>playtime0</name>
         <value>0x206</value>
         <object_component_ref idref="oc-18b"/>
      </symbol>
      <symbol id="sm-ea">
         <name>playtime1</name>
         <value>0x208</value>
         <object_component_ref idref="oc-18b"/>
      </symbol>
      <symbol id="sm-eb">
         <name>P1gameswon</name>
         <value>0x216</value>
         <object_component_ref idref="oc-18b"/>
      </symbol>
      <symbol id="sm-ec">
         <name>peg_time</name>
         <value>0x202</value>
         <object_component_ref idref="oc-18b"/>
      </symbol>
      <symbol id="sm-ed">
         <name>P2button_pressed</name>
         <value>0x21d</value>
         <object_component_ref idref="oc-18b"/>
      </symbol>
      <symbol id="sm-ee">
         <name>P1button_pressed</name>
         <value>0x21c</value>
         <object_component_ref idref="oc-18b"/>
      </symbol>
      <symbol id="sm-ef">
         <name>P1pegA</name>
         <value>0x20c</value>
         <object_component_ref idref="oc-18b"/>
      </symbol>
      <symbol id="sm-f0">
         <name>P1pegB</name>
         <value>0x20e</value>
         <object_component_ref idref="oc-18b"/>
      </symbol>
      <symbol id="sm-f1">
         <name>__TI_int02</name>
         <value>0xffe4</value>
         <object_component_ref idref="oc-3a"/>
      </symbol>
      <symbol id="sm-f2">
         <name>show_pegs</name>
         <value>0xfa1e</value>
         <object_component_ref idref="oc-194"/>
      </symbol>
      <symbol id="sm-f3">
         <name>P2pegA</name>
         <value>0x212</value>
         <object_component_ref idref="oc-18b"/>
      </symbol>
      <symbol id="sm-f4">
         <name>P2pegB</name>
         <value>0x214</value>
         <object_component_ref idref="oc-18b"/>
      </symbol>
      <symbol id="sm-f5">
         <name>Port_1</name>
         <value>0xfd5a</value>
         <object_component_ref idref="oc-a8"/>
      </symbol>
      <symbol id="sm-f6">
         <name>P2gameswon</name>
         <value>0x218</value>
         <object_component_ref idref="oc-18b"/>
      </symbol>
      <symbol id="sm-f7">
         <name>main</name>
         <value>0xfc16</value>
         <object_component_ref idref="oc-108"/>
      </symbol>
      <symbol id="sm-f8">
         <name>delay</name>
         <value>0xfe08</value>
         <object_component_ref idref="oc-19a"/>
      </symbol>
      <symbol id="sm-f9">
         <name>current_player1</name>
         <value>0x21e</value>
         <object_component_ref idref="oc-18b"/>
      </symbol>
      <symbol id="sm-fa">
         <name>P2pts</name>
         <value>0x210</value>
         <object_component_ref idref="oc-18b"/>
      </symbol>
      <symbol id="sm-fb">
         <name>P1pts</name>
         <value>0x20a</value>
         <object_component_ref idref="oc-18b"/>
      </symbol>
      <symbol id="sm-fc">
         <name>cur2Peg</name>
         <value>0x21b</value>
         <object_component_ref idref="oc-18b"/>
      </symbol>
      <symbol id="sm-fd">
         <name>button_time</name>
         <value>0x204</value>
         <object_component_ref idref="oc-18b"/>
      </symbol>
      <symbol id="sm-fe">
         <name>show_winner_pattern</name>
         <value>0xfae4</value>
         <object_component_ref idref="oc-1a0"/>
      </symbol>
      <symbol id="sm-ff">
         <name>wait_for_input</name>
         <value>0xf800</value>
         <object_component_ref idref="oc-13d"/>
      </symbol>
      <symbol id="sm-100">
         <name>restart_game</name>
         <value>0xfc7a</value>
         <object_component_ref idref="oc-18e"/>
      </symbol>
      <symbol id="sm-103">
         <name>__TI_int03</name>
         <value>0xffe6</value>
         <object_component_ref idref="oc-3b"/>
      </symbol>
      <symbol id="sm-106">
         <name>__TI_int04</name>
         <value>0xffe8</value>
         <object_component_ref idref="oc-3c"/>
      </symbol>
      <symbol id="sm-109">
         <name>__TI_int05</name>
         <value>0xffea</value>
         <object_component_ref idref="oc-3d"/>
      </symbol>
      <symbol id="sm-10c">
         <name>__TI_int08</name>
         <value>0xfff0</value>
         <object_component_ref idref="oc-3e"/>
      </symbol>
      <symbol id="sm-10f">
         <name>__TI_int09</name>
         <value>0xfff2</value>
         <object_component_ref idref="oc-3f"/>
      </symbol>
      <symbol id="sm-112">
         <name>__TI_int10</name>
         <value>0xfff4</value>
         <object_component_ref idref="oc-40"/>
      </symbol>
      <symbol id="sm-115">
         <name>__TI_int14</name>
         <value>0xfffc</value>
         <object_component_ref idref="oc-41"/>
      </symbol>
      <symbol id="sm-11d">
         <name>__TI_ISR_TRAP</name>
         <value>0xfe14</value>
         <object_component_ref idref="oc-ae"/>
      </symbol>
      <symbol id="sm-132">
         <name>_stack</name>
         <value>0x24c</value>
         <object_component_ref idref="oc-7d"/>
      </symbol>
      <symbol id="sm-133">
         <name>_c_int00_noargs</name>
         <value>0xfdb8</value>
         <object_component_ref idref="oc-c5"/>
      </symbol>
      <symbol id="sm-134">
         <name>_reset_vector</name>
         <value>0xfffe</value>
         <object_component_ref idref="oc-80"/>
      </symbol>
      <symbol id="sm-156">
         <name>__TI_auto_init_nobinit_nopinit</name>
         <value>0xfd18</value>
         <object_component_ref idref="oc-158"/>
      </symbol>
      <symbol id="sm-167">
         <name>_system_pre_init</name>
         <value>0xfe22</value>
         <object_component_ref idref="oc-118"/>
      </symbol>
      <symbol id="sm-170">
         <name>_system_post_cinit</name>
         <value>0xfe26</value>
         <object_component_ref idref="oc-1b9"/>
      </symbol>
      <symbol id="sm-186">
         <name>__TI_decompress_none</name>
         <value>0xfdd4</value>
         <object_component_ref idref="oc-34"/>
      </symbol>
      <symbol id="sm-1a9">
         <name>__TI_decompress_lzss</name>
         <value>0xfb9a</value>
         <object_component_ref idref="oc-2e"/>
      </symbol>
      <symbol id="sm-1b3">
         <name>C$$EXIT</name>
         <value>0xfe1c</value>
         <object_component_ref idref="oc-14c"/>
      </symbol>
      <symbol id="sm-1b4">
         <name>abort</name>
         <value>0xfe1c</value>
         <object_component_ref idref="oc-14c"/>
      </symbol>
      <symbol id="sm-1c4">
         <name>memcpy</name>
         <value>0xfde6</value>
         <object_component_ref idref="oc-9b"/>
      </symbol>
      <symbol id="sm-1cd">
         <name>__mspabi_func_epilog_2</name>
         <value>0xfe02</value>
         <object_component_ref idref="oc-8b"/>
      </symbol>
      <symbol id="sm-1ce">
         <name>__mspabi_func_epilog_3</name>
         <value>0xfe00</value>
         <object_component_ref idref="oc-8b"/>
      </symbol>
      <symbol id="sm-1cf">
         <name>__mspabi_func_epilog_1</name>
         <value>0xfe04</value>
         <object_component_ref idref="oc-8b"/>
      </symbol>
      <symbol id="sm-1d0">
         <name>__mspabi_func_epilog_6</name>
         <value>0xfdfa</value>
         <object_component_ref idref="oc-8b"/>
      </symbol>
      <symbol id="sm-1d1">
         <name>__mspabi_func_epilog_7</name>
         <value>0xfdf8</value>
         <object_component_ref idref="oc-8b"/>
      </symbol>
      <symbol id="sm-1d2">
         <name>__mspabi_func_epilog_4</name>
         <value>0xfdfe</value>
         <object_component_ref idref="oc-8b"/>
      </symbol>
      <symbol id="sm-1d3">
         <name>__mspabi_func_epilog_5</name>
         <value>0xfdfc</value>
         <object_component_ref idref="oc-8b"/>
      </symbol>
      <symbol id="sm-1db">
         <name>__mspabi_slli</name>
         <value>0xfd8c</value>
         <object_component_ref idref="oc-81"/>
      </symbol>
      <symbol id="sm-1dc">
         <name>__mspabi_slli_9</name>
         <value>0xfda4</value>
         <object_component_ref idref="oc-81"/>
      </symbol>
      <symbol id="sm-1dd">
         <name>__mspabi_slli_8</name>
         <value>0xfda6</value>
         <object_component_ref idref="oc-81"/>
      </symbol>
      <symbol id="sm-1de">
         <name>__mspabi_slli_7</name>
         <value>0xfda8</value>
         <object_component_ref idref="oc-81"/>
      </symbol>
      <symbol id="sm-1df">
         <name>__mspabi_slli_6</name>
         <value>0xfdaa</value>
         <object_component_ref idref="oc-81"/>
      </symbol>
      <symbol id="sm-1e0">
         <name>__mspabi_slli_5</name>
         <value>0xfdac</value>
         <object_component_ref idref="oc-81"/>
      </symbol>
      <symbol id="sm-1e1">
         <name>__mspabi_slli_4</name>
         <value>0xfdae</value>
         <object_component_ref idref="oc-81"/>
      </symbol>
      <symbol id="sm-1e2">
         <name>__mspabi_slli_3</name>
         <value>0xfdb0</value>
         <object_component_ref idref="oc-81"/>
      </symbol>
      <symbol id="sm-1e3">
         <name>__mspabi_slli_2</name>
         <value>0xfdb2</value>
         <object_component_ref idref="oc-81"/>
      </symbol>
      <symbol id="sm-1e4">
         <name>__mspabi_slli_1</name>
         <value>0xfdb4</value>
         <object_component_ref idref="oc-81"/>
      </symbol>
      <symbol id="sm-1e5">
         <name>__mspabi_slli_15</name>
         <value>0xfd98</value>
         <object_component_ref idref="oc-81"/>
      </symbol>
      <symbol id="sm-1e6">
         <name>__mspabi_slli_14</name>
         <value>0xfd9a</value>
         <object_component_ref idref="oc-81"/>
      </symbol>
      <symbol id="sm-1e7">
         <name>__mspabi_slli_13</name>
         <value>0xfd9c</value>
         <object_component_ref idref="oc-81"/>
      </symbol>
      <symbol id="sm-1e8">
         <name>__mspabi_slli_12</name>
         <value>0xfd9e</value>
         <object_component_ref idref="oc-81"/>
      </symbol>
      <symbol id="sm-1e9">
         <name>__mspabi_slli_11</name>
         <value>0xfda0</value>
         <object_component_ref idref="oc-81"/>
      </symbol>
      <symbol id="sm-1ea">
         <name>__mspabi_slli_10</name>
         <value>0xfda2</value>
         <object_component_ref idref="oc-81"/>
      </symbol>
      <symbol id="sm-1f2">
         <name>__mspabi_srli_8</name>
         <value>0xfcf6</value>
         <object_component_ref idref="oc-86"/>
      </symbol>
      <symbol id="sm-1f3">
         <name>__mspabi_srli_9</name>
         <value>0xfcf2</value>
         <object_component_ref idref="oc-86"/>
      </symbol>
      <symbol id="sm-1f4">
         <name>__mspabi_srli_6</name>
         <value>0xfcfe</value>
         <object_component_ref idref="oc-86"/>
      </symbol>
      <symbol id="sm-1f5">
         <name>__mspabi_srli_7</name>
         <value>0xfcfa</value>
         <object_component_ref idref="oc-86"/>
      </symbol>
      <symbol id="sm-1f6">
         <name>__mspabi_srli_4</name>
         <value>0xfd06</value>
         <object_component_ref idref="oc-86"/>
      </symbol>
      <symbol id="sm-1f7">
         <name>__mspabi_srli_5</name>
         <value>0xfd02</value>
         <object_component_ref idref="oc-86"/>
      </symbol>
      <symbol id="sm-1f8">
         <name>__mspabi_srli_2</name>
         <value>0xfd0e</value>
         <object_component_ref idref="oc-86"/>
      </symbol>
      <symbol id="sm-1f9">
         <name>__mspabi_srli_3</name>
         <value>0xfd0a</value>
         <object_component_ref idref="oc-86"/>
      </symbol>
      <symbol id="sm-1fa">
         <name>__mspabi_srli_1</name>
         <value>0xfd12</value>
         <object_component_ref idref="oc-86"/>
      </symbol>
      <symbol id="sm-1fb">
         <name>__mspabi_srli</name>
         <value>0xfccc</value>
         <object_component_ref idref="oc-86"/>
      </symbol>
      <symbol id="sm-1fc">
         <name>__mspabi_srli_15</name>
         <value>0xfcda</value>
         <object_component_ref idref="oc-86"/>
      </symbol>
      <symbol id="sm-1fd">
         <name>__mspabi_srli_14</name>
         <value>0xfcde</value>
         <object_component_ref idref="oc-86"/>
      </symbol>
      <symbol id="sm-1fe">
         <name>__mspabi_srli_13</name>
         <value>0xfce2</value>
         <object_component_ref idref="oc-86"/>
      </symbol>
      <symbol id="sm-1ff">
         <name>__mspabi_srli_12</name>
         <value>0xfce6</value>
         <object_component_ref idref="oc-86"/>
      </symbol>
      <symbol id="sm-200">
         <name>__mspabi_srli_11</name>
         <value>0xfcea</value>
         <object_component_ref idref="oc-86"/>
      </symbol>
      <symbol id="sm-201">
         <name>__mspabi_srli_10</name>
         <value>0xfcee</value>
         <object_component_ref idref="oc-86"/>
      </symbol>
   </symbol_table>
   <title>Link successful</title>
</link_info>
